../Src/kernel.c:169:6:kernel_init	16	static
../Src/kernel.c:199:13:task_exit_error	4	static
../Src/kernel.c:246:13:kernel_request_preemption_if_needed	16	static
../Src/kernel.c:287:9:kernel_create_task	32	static
../Src/kernel.c:460:15:pick_highest_priority_ready_task	16	static
../Src/kernel.c:513:13:scheduler_pick_next	8	static
../Src/kernel.c:571:13:restore_context	0	static,ignoring_inline_asm
../Src/kernel.c:678:6:kernel_start	8	static,ignoring_inline_asm
../Src/kernel.c:751:6:kernel_tick	4	static
../Src/kernel.c:770:6:SVC_Handler	0	static,ignoring_inline_asm
../Src/kernel.c:827:6:PendSV_Handler	0	static,ignoring_inline_asm
