../Src/main.c:57:6:SystemInit	4	static
../Src/main.c:79:6:SysTick_Handler	8	static
../Src/main.c:84:6:EXTI15_10_IRQHandler	4	static
../Src/main.c:91:6:USART2_IRQHandler	4	static
../Src/main.c:97:10:get_tick	4	static
../Src/main.c:99:6:pll_init	4	static
../Src/main.c:118:6:systick_init	4	static
../Src/main.c:124:6:gpio_init	4	static
../Src/main.c:135:6:exti_init	4	static
../Src/main.c:143:6:usart2_init	4	static
../Src/main.c:160:6:usart2_transmit	16	static
../Src/main.c:165:6:usart2_send_string	16	static
../Src/main.c:169:6:usart2_send_number	32	static
../Src/main.c:177:6:usart2_send_signed	16	static
../Src/main.c:182:6:adc_config	4	static
../Src/main.c:199:6:adc_init	16	static
../Src/main.c:209:10:adc_read	4	static
../Src/main.c:215:9:temperature_calc	24	static
../Src/main.c:241:6:ledTask	16	static
../Src/main.c:324:6:tempTask	16	static
../Src/main.c:343:6:commsTask	16	static
../Src/main.c:362:5:main	8	static
