../Src/main.c:75:6:SystemInit	1
../Src/main.c:90:6:SysTick_Handler	2
../Src/main.c:106:6:EXTI15_10_IRQHandler	2
../Src/main.c:113:6:USART2_IRQHandler	2
../Src/main.c:119:10:get_tick	1
../Src/main.c:121:6:pll_init	4
../Src/main.c:140:6:systick_init	1
../Src/main.c:146:6:gpio_init	1
../Src/main.c:157:6:exti_init	1
../Src/main.c:165:6:usart2_init	1
../Src/main.c:182:6:usart2_transmit	2
../Src/main.c:187:6:usart2_send_string	2
../Src/main.c:191:6:usart2_send_number	4
../Src/main.c:199:6:usart2_send_signed	2
../Src/main.c:204:6:adc_config	1
../Src/main.c:221:6:adc_init	3
../Src/main.c:236:10:adc_read	2
../Src/main.c:242:9:temperature_calc	2
../Src/main.c:262:6:ledTask	18
../Src/main.c:362:6:tempTask	2
../Src/main.c:383:6:commsTask	3
../Src/main.c:404:5:main	1
