../Src/main.c:63:6:SystemInit	1
../Src/main.c:65:6:SysTick_Handler	1
../Src/main.c:67:6:EXTI15_10_IRQHandler	2
../Src/main.c:74:6:USART2_IRQHandler	2
../Src/main.c:80:10:get_tick	1
../Src/main.c:82:6:pll_init	4
../Src/main.c:101:6:systick_init	1
../Src/main.c:107:6:gpio_init	1
../Src/main.c:118:6:exti_init	1
../Src/main.c:126:6:usart2_init	1
../Src/main.c:143:6:usart2_transmit	2
../Src/main.c:148:6:usart2_send_string	2
../Src/main.c:152:6:usart2_send_number	4
../Src/main.c:160:6:usart2_send_signed	2
../Src/main.c:165:6:adc_config	1
../Src/main.c:182:6:adc_init	3
../Src/main.c:192:10:adc_read	2
../Src/main.c:198:9:temperature_calc	2
../Src/main.c:214:6:ledTask	18
../Src/main.c:295:6:tempTask	2
../Src/main.c:312:6:commsTask	3
../Src/main.c:329:5:main	1
