../Src/kernel.c:55:6:kernel_init	16	static
../Src/kernel.c:72:13:task_exit_error	4	static
../Src/kernel.c:94:13:kernel_request_preemption_if_needed	16	static
../Src/kernel.c:111:9:kernel_create_task	32	static
../Src/kernel.c:171:15:pick_highest_priority_ready_task	16	static
../Src/kernel.c:185:13:scheduler_pick_next	8	static
../Src/kernel.c:210:13:restore_context	0	static,ignoring_inline_asm
../Src/kernel.c:244:6:kernel_start	8	static,ignoring_inline_asm
../Src/kernel.c:275:6:kernel_tick	8	static
../Src/kernel.c:284:8:kernel_get_current_task	4	static
../Src/kernel.c:289:6:kernel_request_reschedule	4	static
../Src/kernel.c:301:6:kernel_wake_task_locked	16	static
../Src/kernel.c:320:6:kernel_wake_task	16	static
../Src/kernel.c:327:9:kernel_in_isr	16	static,ignoring_inline_asm
../Src/kernel.c:336:6:kernel_enter_critical	4	static,ignoring_inline_asm
../Src/kernel.c:341:6:kernel_exit_critical	4	static,ignoring_inline_asm
../Src/kernel.c:351:6:SVC_Handler	0	static,ignoring_inline_asm
../Src/kernel.c:361:6:PendSV_Handler	0	static,ignoring_inline_asm
