../Src/main.c:57:6:SystemInit	4	static
../Src/main.c:75:6:SysTick_Handler	8	static
../Src/main.c:80:6:EXTI15_10_IRQHandler	4	static
../Src/main.c:87:6:USART2_IRQHandler	4	static
../Src/main.c:93:10:get_tick	4	static
../Src/main.c:95:6:pll_init	4	static
../Src/main.c:114:6:systick_init	4	static
../Src/main.c:120:6:gpio_init	4	static
../Src/main.c:131:6:exti_init	4	static
../Src/main.c:139:6:usart2_init	4	static
../Src/main.c:156:6:usart2_transmit	16	static
../Src/main.c:161:6:usart2_send_string	16	static
../Src/main.c:165:6:usart2_send_number	32	static
../Src/main.c:173:6:usart2_send_signed	16	static
../Src/main.c:178:6:adc_config	4	static
../Src/main.c:195:6:adc_init	16	static
../Src/main.c:205:10:adc_read	4	static
../Src/main.c:211:9:temperature_calc	24	static
../Src/main.c:234:6:ledTask	16	static
../Src/main.c:317:6:tempTask	16	static
../Src/main.c:336:6:commsTask	16	static
../Src/main.c:355:5:main	8	static
