Archive member included to satisfy reference by file (symbol)

C:/ST/STM32CubeIDE_2.1.1/STM32CubeIDE/plugins/com.st.stm32cube.ide.mcu.externaltools.gnu-tools-for-stm32.14.3.rel1.win32_1.0.100.202602081740/tools/bin/../lib/gcc/arm-none-eabi/14.3.1/../../../../arm-none-eabi/lib/thumb/v7-m/nofp\libc_nano.a(libc_a-exit.o)
                              C:/ST/STM32CubeIDE_2.1.1/STM32CubeIDE/plugins/com.st.stm32cube.ide.mcu.externaltools.gnu-tools-for-stm32.14.3.rel1.win32_1.0.100.202602081740/tools/bin/../lib/gcc/arm-none-eabi/14.3.1/../../../../arm-none-eabi/lib/thumb/v7-m/nofp/crt0.o (exit)
C:/ST/STM32CubeIDE_2.1.1/STM32CubeIDE/plugins/com.st.stm32cube.ide.mcu.externaltools.gnu-tools-for-stm32.14.3.rel1.win32_1.0.100.202602081740/tools/bin/../lib/gcc/arm-none-eabi/14.3.1/../../../../arm-none-eabi/lib/thumb/v7-m/nofp\libc_nano.a(libc_a-findfp.o)
                              C:/ST/STM32CubeIDE_2.1.1/STM32CubeIDE/plugins/com.st.stm32cube.ide.mcu.externaltools.gnu-tools-for-stm32.14.3.rel1.win32_1.0.100.202602081740/tools/bin/../lib/gcc/arm-none-eabi/14.3.1/../../../../arm-none-eabi/lib/thumb/v7-m/nofp\libc_nano.a(libc_a-exit.o) (__stdio_exit_handler)
C:/ST/STM32CubeIDE_2.1.1/STM32CubeIDE/plugins/com.st.stm32cube.ide.mcu.externaltools.gnu-tools-for-stm32.14.3.rel1.win32_1.0.100.202602081740/tools/bin/../lib/gcc/arm-none-eabi/14.3.1/../../../../arm-none-eabi/lib/thumb/v7-m/nofp\libc_nano.a(libc_a-fwalk.o)
                              C:/ST/STM32CubeIDE_2.1.1/STM32CubeIDE/plugins/com.st.stm32cube.ide.mcu.externaltools.gnu-tools-for-stm32.14.3.rel1.win32_1.0.100.202602081740/tools/bin/../lib/gcc/arm-none-eabi/14.3.1/../../../../arm-none-eabi/lib/thumb/v7-m/nofp\libc_nano.a(libc_a-findfp.o) (_fwalk_sglue)
C:/ST/STM32CubeIDE_2.1.1/STM32CubeIDE/plugins/com.st.stm32cube.ide.mcu.externaltools.gnu-tools-for-stm32.14.3.rel1.win32_1.0.100.202602081740/tools/bin/../lib/gcc/arm-none-eabi/14.3.1/../../../../arm-none-eabi/lib/thumb/v7-m/nofp\libc_nano.a(libc_a-stdio.o)
                              C:/ST/STM32CubeIDE_2.1.1/STM32CubeIDE/plugins/com.st.stm32cube.ide.mcu.externaltools.gnu-tools-for-stm32.14.3.rel1.win32_1.0.100.202602081740/tools/bin/../lib/gcc/arm-none-eabi/14.3.1/../../../../arm-none-eabi/lib/thumb/v7-m/nofp\libc_nano.a(libc_a-findfp.o) (__sread)
C:/ST/STM32CubeIDE_2.1.1/STM32CubeIDE/plugins/com.st.stm32cube.ide.mcu.externaltools.gnu-tools-for-stm32.14.3.rel1.win32_1.0.100.202602081740/tools/bin/../lib/gcc/arm-none-eabi/14.3.1/../../../../arm-none-eabi/lib/thumb/v7-m/nofp\libc_nano.a(libc_a-memset.o)
                              C:/ST/STM32CubeIDE_2.1.1/STM32CubeIDE/plugins/com.st.stm32cube.ide.mcu.externaltools.gnu-tools-for-stm32.14.3.rel1.win32_1.0.100.202602081740/tools/bin/../lib/gcc/arm-none-eabi/14.3.1/../../../../arm-none-eabi/lib/thumb/v7-m/nofp/crt0.o (memset)
C:/ST/STM32CubeIDE_2.1.1/STM32CubeIDE/plugins/com.st.stm32cube.ide.mcu.externaltools.gnu-tools-for-stm32.14.3.rel1.win32_1.0.100.202602081740/tools/bin/../lib/gcc/arm-none-eabi/14.3.1/../../../../arm-none-eabi/lib/thumb/v7-m/nofp\libc_nano.a(libc_a-closer.o)
                              C:/ST/STM32CubeIDE_2.1.1/STM32CubeIDE/plugins/com.st.stm32cube.ide.mcu.externaltools.gnu-tools-for-stm32.14.3.rel1.win32_1.0.100.202602081740/tools/bin/../lib/gcc/arm-none-eabi/14.3.1/../../../../arm-none-eabi/lib/thumb/v7-m/nofp\libc_nano.a(libc_a-stdio.o) (_close_r)
C:/ST/STM32CubeIDE_2.1.1/STM32CubeIDE/plugins/com.st.stm32cube.ide.mcu.externaltools.gnu-tools-for-stm32.14.3.rel1.win32_1.0.100.202602081740/tools/bin/../lib/gcc/arm-none-eabi/14.3.1/../../../../arm-none-eabi/lib/thumb/v7-m/nofp\libc_nano.a(libc_a-reent.o)
                              C:/ST/STM32CubeIDE_2.1.1/STM32CubeIDE/plugins/com.st.stm32cube.ide.mcu.externaltools.gnu-tools-for-stm32.14.3.rel1.win32_1.0.100.202602081740/tools/bin/../lib/gcc/arm-none-eabi/14.3.1/../../../../arm-none-eabi/lib/thumb/v7-m/nofp\libc_nano.a(libc_a-closer.o) (errno)
C:/ST/STM32CubeIDE_2.1.1/STM32CubeIDE/plugins/com.st.stm32cube.ide.mcu.externaltools.gnu-tools-for-stm32.14.3.rel1.win32_1.0.100.202602081740/tools/bin/../lib/gcc/arm-none-eabi/14.3.1/../../../../arm-none-eabi/lib/thumb/v7-m/nofp\libc_nano.a(libc_a-impure.o)
                              C:/ST/STM32CubeIDE_2.1.1/STM32CubeIDE/plugins/com.st.stm32cube.ide.mcu.externaltools.gnu-tools-for-stm32.14.3.rel1.win32_1.0.100.202602081740/tools/bin/../lib/gcc/arm-none-eabi/14.3.1/../../../../arm-none-eabi/lib/thumb/v7-m/nofp\libc_nano.a(libc_a-reent.o) (_impure_ptr)
C:/ST/STM32CubeIDE_2.1.1/STM32CubeIDE/plugins/com.st.stm32cube.ide.mcu.externaltools.gnu-tools-for-stm32.14.3.rel1.win32_1.0.100.202602081740/tools/bin/../lib/gcc/arm-none-eabi/14.3.1/../../../../arm-none-eabi/lib/thumb/v7-m/nofp\libc_nano.a(libc_a-lseekr.o)
[...]
Memory Configuration

Name             Origin             Length             Attributes
RAM              0x20000000         0x00005000         xrw
FLASH            0x08000000         0x00020000         xr
*default*        0x00000000         0xffffffff

Linker script and memory map

LOAD C:/ST/STM32CubeIDE_2.1.1/STM32CubeIDE/plugins/com.st.stm32cube.ide.mcu.externaltools.gnu-tools-for-stm32.14.3.rel1.win32_1.0.100.202602081740/tools/bin/../lib/gcc/arm-none-eabi/14.3.1/thumb/v7-m/nofp/crti.o
LOAD C:/ST/STM32CubeIDE_2.1.1/STM32CubeIDE/plugins/com.st.stm32cube.ide.mcu.externaltools.gnu-tools-for-stm32.14.3.rel1.win32_1.0.100.202602081740/tools/bin/../lib/gcc/arm-none-eabi/14.3.1/thumb/v7-m/nofp/crtbegin.o
LOAD C:/ST/STM32CubeIDE_2.1.1/STM32CubeIDE/plugins/com.st.stm32cube.ide.mcu.externaltools.gnu-tools-for-stm32.14.3.rel1.win32_1.0.100.202602081740/tools/bin/../lib/gcc/arm-none-eabi/14.3.1/../../../../arm-none-eabi/lib/thumb/v7-m/nofp/crt0.o
LOAD ./Src/kernel.o
LOAD ./Src/main.o
LOAD ./Src/syscalls.o
LOAD ./Src/sysmem.o
LOAD ./Startup/startup_stm32f103rbtx.o
START GROUP
LOAD C:/ST/STM32CubeIDE_2.1.1/STM32CubeIDE/plugins/com.st.stm32cube.ide.mcu.externaltools.gnu-tools-for-stm32.14.3.rel1.win32_1.0.100.202602081740/tools/bin/../lib/gcc/arm-none-eabi/14.3.1/../../../../arm-none-eabi/lib/thumb/v7-m/nofp\libc_nano.a
LOAD C:/ST/STM32CubeIDE_2.1.1/STM32CubeIDE/plugins/com.st.stm32cube.ide.mcu.externaltools.gnu-tools-for-stm32.14.3.rel1.win32_1.0.100.202602081740/tools/bin/../lib/gcc/arm-none-eabi/14.3.1/../../../../arm-none-eabi/lib/thumb/v7-m/nofp\libm.a
END GROUP
START GROUP
LOAD C:/ST/STM32CubeIDE_2.1.1/STM32CubeIDE/plugins/com.st.stm32cube.ide.mcu.externaltools.gnu-tools-for-stm32.14.3.rel1.win32_1.0.100.202602081740/tools/bin/../lib/gcc/arm-none-eabi/14.3.1/thumb/v7-m/nofp\libgcc.a
LOAD C:/ST/STM32CubeIDE_2.1.1/STM32CubeIDE/plugins/com.st.stm32cube.ide.mcu.externaltools.gnu-tools-for-stm32.14.3.rel1.win32_1.0.100.202602081740/tools/bin/../lib/gcc/arm-none-eabi/14.3.1/../../../../arm-none-eabi/lib/thumb/v7-m/nofp\libc_nano.a
END GROUP
START GROUP
LOAD C:/ST/STM32CubeIDE_2.1.1/STM32CubeIDE/plugins/com.st.stm32cube.ide.mcu.externaltools.gnu-tools-for-stm32.14.3.rel1.win32_1.0.100.202602081740/tools/bin/../lib/gcc/arm-none-eabi/14.3.1/thumb/v7-m/nofp\libgcc.a
LOAD C:/ST/STM32CubeIDE_2.1.1/STM32CubeIDE/plugins/com.st.stm32cube.ide.mcu.externaltools.gnu-tools-for-stm32.14.3.rel1.win32_1.0.100.202602081740/tools/bin/../lib/gcc/arm-none-eabi/14.3.1/../../../../arm-none-eabi/lib/thumb/v7-m/nofp\libc_nano.a
LOAD C:/ST/STM32CubeIDE_2.1.1/STM32CubeIDE/plugins/com.st.stm32cube.ide.mcu.externaltools.gnu-tools-for-stm32.14.3.rel1.win32_1.0.100.202602081740/tools/bin/../lib/gcc/arm-none-eabi/14.3.1/../../../../arm-none-eabi/lib/thumb/v7-m/nofp\libnosys.a
END GROUP
START GROUP
LOAD C:/ST/STM32CubeIDE_2.1.1/STM32CubeIDE/plugins/com.st.stm32cube.ide.mcu.externaltools.gnu-tools-for-stm32.14.3.rel1.win32_1.0.100.202602081740/tools/bin/../lib/gcc/arm-none-eabi/14.3.1/thumb/v7-m/nofp\libgcc.a
LOAD C:/ST/STM32CubeIDE_2.1.1/STM32CubeIDE/plugins/com.st.stm32cube.ide.mcu.externaltools.gnu-tools-for-stm32.14.3.rel1.win32_1.0.100.202602081740/tools/bin/../lib/gcc/arm-none-eabi/14.3.1/../../../../arm-none-eabi/lib/thumb/v7-m/nofp\libc_nano.a
LOAD C:/ST/STM32CubeIDE_2.1.1/STM32CubeIDE/plugins/com.st.stm32cube.ide.mcu.externaltools.gnu-tools-for-stm32.14.3.rel1.win32_1.0.100.202602081740/tools/bin/../lib/gcc/arm-none-eabi/14.3.1/../../../../arm-none-eabi/lib/thumb/v7-m/nofp\libnosys.a
END GROUP
LOAD C:/ST/STM32CubeIDE_2.1.1/STM32CubeIDE/plugins/com.st.stm32cube.ide.mcu.externaltools.gnu-tools-for-stm32.14.3.rel1.win32_1.0.100.202602081740/tools/bin/../lib/gcc/arm-none-eabi/14.3.1/thumb/v7-m/nofp/crtend.o
LOAD C:/ST/STM32CubeIDE_2.1.1/STM32CubeIDE/plugins/com.st.stm32cube.ide.mcu.externaltools.gnu-tools-for-stm32.14.3.rel1.win32_1.0.100.202602081740/tools/bin/../lib/gcc/arm-none-eabi/14.3.1/thumb/v7-m/nofp/crtn.o
                0x20005000                        _estack = (ORIGIN (RAM) + LENGTH (RAM))
                0x00000200                        _Min_Heap_Size = 0x200
                0x00000400                        _Min_Stack_Size = 0x400

.isr_vector     0x08000000      0x130
                0x08000000                        . = ALIGN (0x4)
 *(.isr_vector)
 .isr_vector    0x08000000      0x130 ./Startup/startup_stm32f103rbtx.o
                0x08000000                g_pfnVectors
                0x08000130                        . = ALIGN (0x4)

.text           0x08000130      0xd00
                0x08000130                        . = ALIGN (0x4)
 *(.text)
 .text          0x08000130       0x40 C:/ST/STM32CubeIDE_2.1.1/STM32CubeIDE/plugins/com.st.stm32cube.ide.mcu.externaltools.gnu-tools-for-stm32.14.3.rel1.win32_1.0.100.202602081740/tools/bin/../lib/gcc/arm-none-eabi/14.3.1/thumb/v7-m/nofp/crtbegin.o
 *(.text*)
 .text.kernel_init
                0x08000170       0x2c ./Src/kernel.o
                0x08000170                kernel_init
 .text.task_exit_error
                0x0800019c        0x8 ./Src/kernel.o
 .text.kernel_create_task
                0x080001a4      0x178 ./Src/kernel.o
                0x080001a4                kernel_create_task
 .text.scheduler_pick_next
                0x0800031c       0x9c ./Src/kernel.o
 .text.restore_context
                0x080003b8       0x24 ./Src/kernel.o
 .text.kernel_start
                0x080003dc       0x70 ./Src/kernel.o
                0x080003dc                kernel_start
 .text.kernel_tick
                0x0800044c       0x18 ./Src/kernel.o
                0x0800044c                kernel_tick
 .text.SVC_Handler
                0x08000464        0x6 ./Src/kernel.o
                0x08000464                SVC_Handler
 *fill*         0x0800046a        0x2 
 .text.PendSV_Handler
                0x0800046c       0x1c ./Src/kernel.o
                0x0800046c                PendSV_Handler
 .text.SystemInit
                0x08000488        0xc ./Src/main.o
                0x08000488                SystemInit
 .text.SysTick_Handler
                0x08000494       0x1c ./Src/main.o
                0x08000494                SysTick_Handler
 .text.EXTI15_10_IRQHandler
                0x080004b0       0x30 ./Src/main.o
                0x080004b0                EXTI15_10_IRQHandler
 .text.USART2_IRQHandler
                0x080004e0       0x30 ./Src/main.o
                0x080004e0                USART2_IRQHandler
 .text.get_tick
                0x08000510       0x14 ./Src/main.o
                0x08000510                get_tick
 .text.pll_init
                0x08000524       0xe0 ./Src/main.o
                0x08000524                pll_init
 .text.systick_init
                0x08000604       0x30 ./Src/main.o
                0x08000604                systick_init
 .text.gpio_init
                0x08000634       0x7c ./Src/main.o
                0x08000634                gpio_init
 .text.exti_init
                0x080006b0       0x58 ./Src/main.o
                0x080006b0                exti_init
 .text.usart2_init
                0x08000708       0xcc ./Src/main.o
                0x08000708                usart2_init
 .text.usart2_transmit
                0x080007d4       0x30 ./Src/main.o
                0x080007d4                usart2_transmit
 .text.usart2_send_string
                0x08000804       0x2a ./Src/main.o
                0x08000804                usart2_send_string
 *fill*         0x0800082e        0x2 
 .text.usart2_send_number
                0x08000830       0x80 ./Src/main.o
                0x08000830                usart2_send_number
 .text.usart2_send_signed
                0x080008b0       0x2a ./Src/main.o
                0x080008b0                usart2_send_signed
 *fill*         0x080008da        0x2 
 .text.adc_config
                0x080008dc       0xcc ./Src/main.o
                0x080008dc                adc_config
 .text.adc_init
                0x080009a8       0x5c ./Src/main.o
                0x080009a8                adc_init
 .text.adc_read
                0x08000a04       0x38 ./Src/main.o
                0x08000a04                adc_read
 .text.temperature_calc
                0x08000a3c       0x70 ./Src/main.o
                0x08000a3c                temperature_calc
 .text.ledTask  0x08000aac      0x194 ./Src/main.o
                0x08000aac                ledTask
 .text.tempTask
                0x08000c40       0x90 ./Src/main.o
                0x08000c40                tempTask
 .text.commsTask
                0x08000cd0       0x48 ./Src/main.o
                0x08000cd0                commsTask
 .text.main     0x08000d18       0x64 ./Src/main.o
                0x08000d18                main
 .text.Reset_Handler
                0x08000d7c       0x50 ./Startup/startup_stm32f103rbtx.o
                0x08000d7c                Reset_Handler
 .text.Default_Handler
                0x08000dcc        0x2 ./Startup/startup_stm32f103rbtx.o
                0x08000dcc                EXTI2_IRQHandler
                0x08000dcc                TIM8_TRG_COM_IRQHandler
                0x08000dcc                TIM8_CC_IRQHandler
                0x08000dcc                DebugMon_Handler
                0x08000dcc                TIM1_CC_IRQHandler
                0x08000dcc                HardFault_Handler
                0x08000dcc                TIM6_IRQHandler
                0x08000dcc                PVD_IRQHandler
                0x08000dcc                SDIO_IRQHandler
                0x08000dcc                NMI_Handler
                0x08000dcc                EXTI3_IRQHandler
                0x08000dcc                USB_HP_CAN_TX_IRQHandler
                0x08000dcc                EXTI0_IRQHandler
                0x08000dcc                I2C2_EV_IRQHandler
                0x08000dcc                UsageFault_Handler
                0x08000dcc                ADC1_2_IRQHandler
                0x08000dcc                SPI1_IRQHandler
                0x08000dcc                CAN_SCE_IRQHandler
                0x08000dcc                TAMPER_IRQHandler
                0x08000dcc                TIM8_UP_IRQHandler
                0x08000dcc                DMA2_Channel2_IRQHandler
                0x08000dcc                DMA1_Channel4_IRQHandler
                0x08000dcc                USART3_IRQHandler
                0x08000dcc                RTC_IRQHandler
                0x08000dcc                DMA1_Channel7_IRQHandler
                0x08000dcc                UART5_IRQHandler
                0x08000dcc                ADC3_IRQHandler
                0x08000dcc                TIM4_IRQHandler
                0x08000dcc                CAN_RX1_IRQHandler
                0x08000dcc                DMA2_Channel1_IRQHandler
                0x08000dcc                I2C1_EV_IRQHandler
                0x08000dcc                DMA1_Channel6_IRQHandler
                0x08000dcc                UART4_IRQHandler
                0x08000dcc                TIM3_IRQHandler
                0x08000dcc                RCC_IRQHandler
                0x08000dcc                TIM1_TRG_COM_IRQHandler
                0x08000dcc                DMA1_Channel1_IRQHandler
                0x08000dcc                Default_Handler
                0x08000dcc                TIM7_IRQHandler
                0x08000dcc                TIM5_IRQHandler
                0x08000dcc                EXTI9_5_IRQHandler
                0x08000dcc                SPI2_IRQHandler
                0x08000dcc                USB_LP_CAN_RX0_IRQHandler
                0x08000dcc                MemManage_Handler
                0x08000dcc                DMA1_Channel5_IRQHandler
                0x08000dcc                EXTI4_IRQHandler
                0x08000dcc                DMA1_Channel3_IRQHandler
                0x08000dcc                FSMC_IRQHandler
                0x08000dcc                TIM1_UP_IRQHandler
                0x08000dcc                WWDG_IRQHandler
                0x08000dcc                TIM2_IRQHandler
                0x08000dcc                TIM1_BRK_IRQHandler
                0x08000dcc                EXTI1_IRQHandler
                0x08000dcc                RTCAlarm_IRQHandler
                0x08000dcc                DMA2_Channel4_5_IRQHandler
                0x08000dcc                I2C2_ER_IRQHandler
                0x08000dcc                DMA1_Channel2_IRQHandler
                0x08000dcc                TIM8_BRK_IRQHandler
                0x08000dcc                FLASH_IRQHandler
                0x08000dcc                BusFault_Handler
                0x08000dcc                USART1_IRQHandler
                0x08000dcc                SPI3_IRQHandler
                0x08000dcc                I2C1_ER_IRQHandler
                0x08000dcc                DMA2_Channel3_IRQHandler
 *fill*         0x08000dce        0x2 
 .text.__libc_init_array
                0x08000dd0       0x48 C:/ST/STM32CubeIDE_2.1.1/STM32CubeIDE/plugins/com.st.stm32cube.ide.mcu.externaltools.gnu-tools-for-stm32.14.3.rel1.win32_1.0.100.202602081740/tools/bin/../lib/gcc/arm-none-eabi/14.3.1/../../../../arm-none-eabi/lib/thumb/v7-m/nofp\libc_nano.a(libc_a-init.o)
                0x08000dd0                __libc_init_array
 *(.glue_7)
 .glue_7        0x08000e18        0x0 linker stubs
 *(.glue_7t)
 .glue_7t       0x08000e18        0x0 linker stubs
 *(.eh_frame)
 .eh_frame      0x08000e18        0x0 C:/ST/STM32CubeIDE_2.1.1/STM32CubeIDE/plugins/com.st.stm32cube.ide.mcu.externaltools.gnu-tools-for-stm32.14.3.rel1.win32_1.0.100.202602081740/tools/bin/../lib/gcc/arm-none-eabi/14.3.1/thumb/v7-m/nofp/crtbegin.o
 *(.init)
 .init          0x08000e18        0x4 C:/ST/STM32CubeIDE_2.1.1/STM32CubeIDE/plugins/com.st.stm32cube.ide.mcu.externaltools.gnu-tools-for-stm32.14.3.rel1.win32_1.0.100.202602081740/tools/bin/../lib/gcc/arm-none-eabi/14.3.1/thumb/v7-m/nofp/crti.o
                0x08000e18                _init
 .init          0x08000e1c        0x8 C:/ST/STM32CubeIDE_2.1.1/STM32CubeIDE/plugins/com.st.stm32cube.ide.mcu.externaltools.gnu-tools-for-stm32.14.3.rel1.win32_1.0.100.202602081740/tools/bin/../lib/gcc/arm-none-eabi/14.3.1/thumb/v7-m/nofp/crtn.o
 *(.fini)
 .fini          0x08000e24        0x4 C:/ST/STM32CubeIDE_2.1.1/STM32CubeIDE/plugins/com.st.stm32cube.ide.mcu.externaltools.gnu-tools-for-stm32.14.3.rel1.win32_1.0.100.202602081740/tools/bin/../lib/gcc/arm-none-eabi/14.3.1/thumb/v7-m/nofp/crti.o
                0x08000e24                _fini
 .fini          0x08000e28        0x8 C:/ST/STM32CubeIDE_2.1.1/STM32CubeIDE/plugins/com.st.stm32cube.ide.mcu.externaltools.gnu-tools-for-stm32.14.3.rel1.win32_1.0.100.202602081740/tools/bin/../lib/gcc/arm-none-eabi/14.3.1/thumb/v7-m/nofp/crtn.o
                0x08000e30                        . = ALIGN (0x4)
                0x08000e30                        _etext = .

.vfp11_veneer   0x08000e30        0x0
 .vfp11_veneer  0x08000e30        0x0 linker stubs

.v4_bx          0x08000e30        0x0
 .v4_bx         0x08000e30        0x0 linker stubs

.iplt           0x08000e30        0x0
 .iplt          0x08000e30        0x0 C:/ST/STM32CubeIDE_2.1.1/STM32CubeIDE/plugins/com.st.stm32cube.ide.mcu.externaltools.gnu-tools-for-stm32.14.3.rel1.win32_1.0.100.202602081740/tools/bin/../lib/gcc/arm-none-eabi/14.3.1/thumb/v7-m/nofp/crtbegin.o

.rodata         0x08000e30       0x68
                0x08000e30                        . = ALIGN (0x4)
 *(.rodata)
 .rodata        0x08000e30       0x66 ./Src/main.o
 *(.rodata*)
                0x08000e98                        . = ALIGN (0x4)
 *fill*         0x08000e96        0x2 

.ARM.extab      0x08000e98        0x0
                0x08000e98                        . = ALIGN (0x4)
 *(.ARM.extab* .gnu.linkonce.armextab.*)
                0x08000e98                        . = ALIGN (0x4)

.ARM            0x08000e98        0x0
                0x08000e98                        . = ALIGN (0x4)
                0x08000e98                        __exidx_start = .
 *(.ARM.exidx*)
                0x08000e98                        __exidx_end = .
                0x08000e98                        . = ALIGN (0x4)

.preinit_array  0x08000e98        0x0
                0x08000e98                        . = ALIGN (0x4)
                0x08000e98                        PROVIDE (__preinit_array_start = .)
 *(.preinit_array*)
                0x08000e98                        PROVIDE (__preinit_array_end = .)
                0x08000e98                        . = ALIGN (0x4)

.init_array     0x08000e98        0x4
                0x08000e98                        . = ALIGN (0x4)
                0x08000e98                        PROVIDE (__init_array_start = .)
 *(SORT_BY_NAME(.init_array.*))
 *(.init_array*)
 .init_array    0x08000e98        0x4 C:/ST/STM32CubeIDE_2.1.1/STM32CubeIDE/plugins/com.st.stm32cube.ide.mcu.externaltools.gnu-tools-for-stm32.14.3.rel1.win32_1.0.100.202602081740/tools/bin/../lib/gcc/arm-none-eabi/14.3.1/thumb/v7-m/nofp/crtbegin.o
                0x08000e9c                        PROVIDE (__init_array_end = .)
                0x08000e9c                        . = ALIGN (0x4)

.fini_array     0x08000e9c        0x4
                0x08000e9c                        . = ALIGN (0x4)
                [!provide]                        PROVIDE (__fini_array_start = .)
 *(SORT_BY_NAME(.fini_array.*))
 *(.fini_array*)
 .fini_array    0x08000e9c        0x4 C:/ST/STM32CubeIDE_2.1.1/STM32CubeIDE/plugins/com.st.stm32cube.ide.mcu.externaltools.gnu-tools-for-stm32.14.3.rel1.win32_1.0.100.202602081740/tools/bin/../lib/gcc/arm-none-eabi/14.3.1/thumb/v7-m/nofp/crtbegin.o
                [!provide]                        PROVIDE (__fini_array_end = .)
                0x08000ea0                        . = ALIGN (0x4)
                0x08000ea0                        _sidata = LOADADDR (.data)

.rel.dyn        0x08000ea0        0x0
 .rel.iplt      0x08000ea0        0x0 C:/ST/STM32CubeIDE_2.1.1/STM32CubeIDE/plugins/com.st.stm32cube.ide.mcu.externaltools.gnu-tools-for-stm32.14.3.rel1.win32_1.0.100.202602081740/tools/bin/../lib/gcc/arm-none-eabi/14.3.1/thumb/v7-m/nofp/crtbegin.o

.data           0x20000000        0x4 load address 0x08000ea0
                0x20000000                        . = ALIGN (0x4)
                0x20000000                        _sdata = .
 *(.data)
 *(.data*)
 .data.current_state.3
                0x20000000        0x1 ./Src/main.o
 *(.RamFunc)
 *(.RamFunc*)
                0x20000004                        . = ALIGN (0x4)
 *fill*         0x20000001        0x3 
                0x20000004                        _edata = .

.igot.plt       0x20000004        0x0 load address 0x08000ea4
 .igot.plt      0x20000004        0x0 C:/ST/STM32CubeIDE_2.1.1/STM32CubeIDE/plugins/com.st.stm32cube.ide.mcu.externaltools.gnu-tools-for-stm32.14.3.rel1.win32_1.0.100.202602081740/tools/bin/../lib/gcc/arm-none-eabi/14.3.1/thumb/v7-m/nofp/crtbegin.o
                0x20000004                        . = ALIGN (0x4)

.bss            0x20000008     0x1100 load address 0x08000ea4
                0x20000008                        _sbss = .
                0x20000008                        __bss_start__ = _sbss
 *(.bss)
 .bss           0x20000008       0x1c C:/ST/STM32CubeIDE_2.1.1/STM32CubeIDE/plugins/com.st.stm32cube.ide.mcu.externaltools.gnu-tools-for-stm32.14.3.rel1.win32_1.0.100.202602081740/tools/bin/../lib/gcc/arm-none-eabi/14.3.1/thumb/v7-m/nofp/crtbegin.o
 *(.bss*)
 *fill*         0x20000024        0x4 
 .bss.taskList  0x20000028     0x10c0 ./Src/kernel.o
 .bss.taskCount
                0x200010e8        0x1 ./Src/kernel.o
 .bss.currentTask
                0x200010e9        0x1 ./Src/kernel.o
 *fill*         0x200010ea        0x2 
 .bss.currentTCB_ptr
                0x200010ec        0x4 ./Src/kernel.o
 .bss.tick_count
                0x200010f0        0x4 ./Src/main.o
                0x200010f0                tick_count
 .bss.btn_event
                0x200010f4        0x1 ./Src/main.o
                0x200010f4                btn_event
 .bss.rec_data  0x200010f5        0x1 ./Src/main.o
                0x200010f5                rec_data
 .bss.debounce_state.5
                0x200010f6        0x1 ./Src/main.o
 *fill*         0x200010f7        0x1 
 .bss.debounce_start.4
                0x200010f8        0x4 ./Src/main.o
 .bss.blink_timer.2
                0x200010fc        0x4 ./Src/main.o
 .bss.blink_phase.1
                0x20001100        0x1 ./Src/main.o
 *fill*         0x20001101        0x3 
 .bss.temp_timer.0
                0x20001104        0x4 ./Src/main.o
 *(COMMON)
                0x20001108                        . = ALIGN (0x4)
                0x20001108                        _ebss = .
                0x20001108                        __bss_end__ = _ebss

._user_heap_stack
                0x20001108      0x600 load address 0x08000ea4
                0x20001108                        . = ALIGN (0x8)
                [!provide]                        PROVIDE (end = .)
                0x20001108                        PROVIDE (_end = .)
                0x20001308                        . = (. + _Min_Heap_Size)
 *fill*         0x20001108      0x200 
                0x20001708                        . = (. + _Min_Stack_Size)
 *fill*         0x20001308      0x400 
                0x20001708                        . = ALIGN (0x8)

/DISCARD/
 libc.a(*)
 libm.a(*)
 libgcc.a(*)

.ARM.attributes
                0x00000000       0x29
 *(.ARM.attributes)
 .ARM.attributes
                0x00000000       0x1d C:/ST/STM32CubeIDE_2.1.1/STM32CubeIDE/plugins/com.st.stm32cube.ide.mcu.externaltools.gnu-tools-for-stm32.14.3.rel1.win32_1.0.100.202602081740/tools/bin/../lib/gcc/arm-none-eabi/14.3.1/thumb/v7-m/nofp/crti.o
 .ARM.attributes
                0x0000001d       0x2d C:/ST/STM32CubeIDE_2.1.1/STM32CubeIDE/plugins/com.st.stm32cube.ide.mcu.externaltools.gnu-tools-for-stm32.14.3.rel1.win32_1.0.100.202602081740/tools/bin/../lib/gcc/arm-none-eabi/14.3.1/thumb/v7-m/nofp/crtbegin.o
 .ARM.attributes
                0x0000004a       0x2d ./Src/kernel.o
 .ARM.attributes
                0x00000077       0x2d ./Src/main.o
 .ARM.attributes
                0x000000a4       0x21 ./Startup/startup_stm32f103rbtx.o
 .ARM.attributes
                0x000000c5       0x2d C:/ST/STM32CubeIDE_2.1.1/STM32CubeIDE/plugins/com.st.stm32cube.ide.mcu.externaltools.gnu-tools-for-stm32.14.3.rel1.win32_1.0.100.202602081740/tools/bin/../lib/gcc/arm-none-eabi/14.3.1/../../../../arm-none-eabi/lib/thumb/v7-m/nofp\libc_nano.a(libc_a-init.o)
 .ARM.attributes
                0x000000f2       0x1d C:/ST/STM32CubeIDE_2.1.1/STM32CubeIDE/plugins/com.st.stm32cube.ide.mcu.externaltools.gnu-tools-for-stm32.14.3.rel1.win32_1.0.100.202602081740/tools/bin/../lib/gcc/arm-none-eabi/14.3.1/thumb/v7-m/nofp/crtn.o
OUTPUT(Kernull_Chpt7.elf elf32-littlearm)
LOAD linker stubs
LOAD C:/ST/STM32CubeIDE_2.1.1/STM32CubeIDE/plugins/com.st.stm32cube.ide.mcu.externaltools.gnu-tools-for-stm32.14.3.rel1.win32_1.0.100.202602081740/tools/bin/../lib/gcc/arm-none-eabi/14.3.1/../../../../arm-none-eabi/lib/thumb/v7-m/nofp\libc.a
LOAD C:/ST/STM32CubeIDE_2.1.1/STM32CubeIDE/plugins/com.st.stm32cube.ide.mcu.externaltools.gnu-tools-for-stm32.14.3.rel1.win32_1.0.100.202602081740/tools/bin/../lib/gcc/arm-none-eabi/14.3.1/../../../../arm-none-eabi/lib/thumb/v7-m/nofp\libm.a
LOAD C:/ST/STM32CubeIDE_2.1.1/STM32CubeIDE/plugins/com.st.stm32cube.ide.mcu.externaltools.gnu-tools-for-stm32.14.3.rel1.win32_1.0.100.202602081740/tools/bin/../lib/gcc/arm-none-eabi/14.3.1/thumb/v7-m/nofp\libgcc.a

.debug_info     0x00000000      0x75f
 .debug_info    0x00000000      0x282 ./Src/kernel.o
 .debug_info    0x00000282      0x4ad ./Src/main.o
 .debug_info    0x0000072f       0x30 ./Startup/startup_stm32f103rbtx.o

.debug_abbrev   0x00000000      0x3ee
 .debug_abbrev  0x00000000      0x1a5 ./Src/kernel.o
 .debug_abbrev  0x000001a5      0x225 ./Src/main.o
 .debug_abbrev  0x000003ca       0x24 ./Startup/startup_stm32f103rbtx.o

.debug_aranges  0x00000000      0x150
 .debug_aranges
                0x00000000       0x60 ./Src/kernel.o
 .debug_aranges
                0x00000060       0xc8 ./Src/main.o
 .debug_aranges
                0x00000128       0x28 ./Startup/startup_stm32f103rbtx.o

.debug_rnglists
                0x00000000       0xf5
 .debug_rnglists
                0x00000000       0x45 ./Src/kernel.o
 .debug_rnglists
                0x00000045       0x97 ./Src/main.o
 .debug_rnglists
                0x000000dc       0x19 ./Startup/startup_stm32f103rbtx.o

.debug_macro    0x00000000     0x111b
 .debug_macro   0x00000000       0x84 ./Src/kernel.o
 .debug_macro   0x00000084      0xad2 ./Src/kernel.o
 .debug_macro   0x00000b56       0x22 ./Src/kernel.o
 .debug_macro   0x00000b78       0x8e ./Src/kernel.o
 .debug_macro   0x00000c06       0x51 ./Src/kernel.o
 .debug_macro   0x00000c57      0x103 ./Src/kernel.o
 .debug_macro   0x00000d5a       0x6a ./Src/kernel.o
 .debug_macro   0x00000dc4      0x1df ./Src/kernel.o
 .debug_macro   0x00000fa3       0x16 ./Src/kernel.o
 .debug_macro   0x00000fb9      0x162 ./Src/main.o

.debug_line     0x00000000     0x1012
 .debug_line    0x00000000      0x584 ./Src/kernel.o
 .debug_line    0x00000584      0xa13 ./Src/main.o
 .debug_line    0x00000f97       0x7b ./Startup/startup_stm32f103rbtx.o

.debug_str      0x00000000     0x473c
 .debug_str     0x00000000     0x473c ./Src/kernel.o
                               0x3f2b (size before relaxing)
 .debug_str     0x0000473c     0x471a ./Src/main.o
 .debug_str     0x0000473c       0x78 ./Startup/startup_stm32f103rbtx.o

.comment        0x00000000       0x43
 .comment       0x00000000       0x43 ./Src/kernel.o
                                 0x44 (size before relaxing)
 .comment       0x00000043       0x44 ./Src/main.o

.debug_frame    0x00000000      0x3cc
 .debug_frame   0x00000000       0xec ./Src/kernel.o
 .debug_frame   0x000000ec      0x2b4 ./Src/main.o
 .debug_frame   0x000003a0       0x2c C:/ST/STM32CubeIDE_2.1.1/STM32CubeIDE/plugins/com.st.stm32cube.ide.mcu.externaltools.gnu-tools-for-stm32.14.3.rel1.win32_1.0.100.202602081740/tools/bin/../lib/gcc/arm-none-eabi/14.3.1/../../../../arm-none-eabi/lib/thumb/v7-m/nofp\libc_nano.a(libc_a-init.o)

.debug_line_str
                0x00000000       0x5c
 .debug_line_str
                0x00000000       0x5c ./Startup/startup_stm32f103rbtx.o
