Archive member included to satisfy reference by file (symbol)

C:/ST/STM32CubeIDE_2.1.1/STM32CubeIDE/plugins/com.st.stm32cube.ide.mcu.externaltools.gnu-tools-for-stm32.14.3.rel1.win32_1.0.100.202602081740/tools/bin/../lib/gcc/arm-none-eabi/14.3.1/../../../../arm-none-eabi/lib/thumb/v7-m/nofp\libc_nano.a(libc_a-exit.o)
                              C:/ST/STM32CubeIDE_2.1.1/STM32CubeIDE/plugins/com.st.stm32cube.ide.mcu.externaltools.gnu-tools-for-stm32.14.3.rel1.win32_1.0.100.202602081740/tools/bin/../lib/gcc/arm-none-eabi/14.3.1/../../../../arm-none-eabi/lib/thumb/v7-m/nofp/crt0.o (exit)
C:/ST/STM32CubeIDE_2.1.1/STM32CubeIDE/plugins/com.st.stm32cube.ide.mcu.externaltools.gnu-tools-for-stm32.14.3.rel1.win32_1.0.100.202602081740/tools/bin/../lib/gcc/arm-none-eabi/14.3.1/../../../../arm-none-eabi/lib/thumb/v7-m/nofp\libc_nano.a(libc_a-findfp.o)
                              C:/ST/STM32CubeIDE_2.1.1/STM32CubeIDE/plugins/com.st.stm32cube.ide.mcu.externaltools.gnu-tools-for-stm32.14.3.rel1.win32_1.0.100.202602081740/tools/bin/../lib/gcc/arm-none-eabi/14.3.1/../../../../arm-none-eabi/lib/thumb/v7-m/nofp\libc_nano.a(libc_a-exit.o) (__stdio_exit_handler)
C:/ST/STM32CubeIDE_2.1.1/STM32CubeIDE/plugins/com.st.stm32cube.ide.mcu.externaltools.gnu-tools-for-stm32.14.3.rel1.win32_1.0.100.202602081740/tools/bin/../lib/gcc/arm-none-eabi/14.3.1/../../../../arm-none-eabi/lib/thumb/v7-m/nofp\libc_nano.a(libc_a-fwalk.o)
                              C:/ST/STM32CubeIDE_2.1.1/STM32CubeIDE/plugins/com.st.stm32cube.ide.mcu.externaltools.gnu-tools-for-stm32.14.3.rel1.win32_1.0.100.202602081740/tools/bin/../lib/gcc/arm-none-eabi/14.3.1/../../../../arm-none-eabi/lib/thumb/v7-m/nofp\libc_nano.a(libc_a-findfp.o) (_fwalk_sglue)
C:/ST/STM32CubeIDE_2.1.1/STM32CubeIDE/plugins/com.st.stm32cube.ide.mcu.externaltools.gnu-tools-for-stm32.14.3.rel1.win32_1.0.100.202602081740/tools/bin/../lib/gcc/arm-none-eabi/14.3.1/../../../../arm-none-eabi/lib/thumb/v7-m/nofp\libc_nano.a(libc_a-stdio.o)
                              C:/ST/STM32CubeIDE_2.1.1/STM32CubeIDE/plugins/com.st.stm32cube.ide.mcu.externaltools.gnu-tools-for-stm32.14.3.rel1.win32_1.0.100.202602081740/tools/bin/../lib/gcc/arm-none-eabi/14.3.1/../../../../arm-none-eabi/lib/thumb/v7-m/nofp\libc_nano.a(libc_a-findfp.o) (__sread)
C:/ST/STM32CubeIDE_2.1.1/STM32CubeIDE/plugins/com.st.stm32cube.ide.mcu.externaltools.gnu-tools-for-stm32.14.3.rel1.win32_1.0.100.202602081740/tools/bin/../lib/gcc/arm-none-eabi/14.3.1/../../../../arm-none-eabi/lib/thumb/v7-m/nofp\libc_nano.a(libc_a-memset.o)
                              C:/ST/STM32CubeIDE_2.1.1/STM32CubeIDE/plugins/com.st.stm32cube.ide.mcu.externaltools.gnu-tools-for-stm32.14.3.rel1.win32_1.0.100.202602081740/tools/bin/../lib/gcc/arm-none-eabi/14.3.1/../../../../arm-none-eabi/lib/thumb/v7-m/nofp/crt0.o (memset)
C:/ST/STM32CubeIDE_2.1.1/STM32CubeIDE/plugins/com.st.stm32cube.ide.mcu.externaltools.gnu-tools-for-stm32.14.3.rel1.win32_1.0.100.202602081740/tools/bin/../lib/gcc/arm-none-eabi/14.3.1/../../../../arm-none-eabi/lib/thumb/v7-m/nofp\libc_nano.a(libc_a-closer.o)
                              C:/ST/STM32CubeIDE_2.1.1/STM32CubeIDE/plugins/com.st.stm32cube.ide.mcu.externaltools.gnu-tools-for-stm32.14.3.rel1.win32_1.0.100.202602081740/tools/bin/../lib/gcc/arm-none-eabi/14.3.1/../../../../arm-none-eabi/lib/thumb/v7-m/nofp\libc_nano.a(libc_a-stdio.o) (_close_r)
C:/ST/STM32CubeIDE_2.1.1/STM32CubeIDE/plugins/com.st.stm32cube.ide.mcu.externaltools.gnu-tools-for-stm32.14.3.rel1.win32_1.0.100.202602081740/tools/bin/../lib/gcc/arm-none-eabi/14.3.1/../../../../arm-none-eabi/lib/thumb/v7-m/nofp\libc_nano.a(libc_a-reent.o)
                              C:/ST/STM32CubeIDE_2.1.1/STM32CubeIDE/plugins/com.st.stm32cube.ide.mcu.externaltools.gnu-tools-for-stm32.14.3.rel1.win32_1.0.100.202602081740/tools/bin/../lib/gcc/arm-none-eabi/14.3.1/../../../../arm-none-eabi/lib/thumb/v7-m/nofp\libc_nano.a(libc_a-closer.o) (errno)
C:/ST/STM32CubeIDE_2.1.1/STM32CubeIDE/plugins/com.st.stm32cube.ide.mcu.externaltools.gnu-tools-for-stm32.14.3.rel1.win32_1.0.100.202602081740/tools/bin/../lib/gcc/arm-none-eabi/14.3.1/../../../../arm-none-eabi/lib/thumb/v7-m/nofp\libc_nano.a(libc_a-impure.o)
                              C:/ST/STM32CubeIDE_2.1.1/STM32CubeIDE/plugins/com.st.stm32cube.ide.mcu.externaltools.gnu-tools-for-stm32.14.3.rel1.win32_1.0.100.202602081740/tools/bin/../lib/gcc/arm-none-eabi/14.3.1/../../../../arm-none-eabi/lib/thumb/v7-m/nofp\libc_nano.a(libc_a-reent.o) (_impure_ptr)
C:/ST/STM32CubeIDE_2.1.1/STM32CubeIDE/plugins/com.st.stm32cube.ide.mcu.externaltools.gnu-tools-for-stm32.14.3.rel1.win32_1.0.100.202602081740/tools/bin/../lib/gcc/arm-none-eabi/14.3.1/../../../../arm-none-eabi/lib/thumb/v7-m/nofp\libc_nano.a(libc_a-lseekr.o)
[...]
Memory Configuration

Name             Origin             Length             Attributes
RAM              0x20000000         0x00005000         xrw
FLASH            0x08000000         0x00020000         xr
*default*        0x00000000         0xffffffff

Linker script and memory map

LOAD C:/ST/STM32CubeIDE_2.1.1/STM32CubeIDE/plugins/com.st.stm32cube.ide.mcu.externaltools.gnu-tools-for-stm32.14.3.rel1.win32_1.0.100.202602081740/tools/bin/../lib/gcc/arm-none-eabi/14.3.1/thumb/v7-m/nofp/crti.o
LOAD C:/ST/STM32CubeIDE_2.1.1/STM32CubeIDE/plugins/com.st.stm32cube.ide.mcu.externaltools.gnu-tools-for-stm32.14.3.rel1.win32_1.0.100.202602081740/tools/bin/../lib/gcc/arm-none-eabi/14.3.1/thumb/v7-m/nofp/crtbegin.o
LOAD C:/ST/STM32CubeIDE_2.1.1/STM32CubeIDE/plugins/com.st.stm32cube.ide.mcu.externaltools.gnu-tools-for-stm32.14.3.rel1.win32_1.0.100.202602081740/tools/bin/../lib/gcc/arm-none-eabi/14.3.1/../../../../arm-none-eabi/lib/thumb/v7-m/nofp/crt0.o
LOAD ./Src/kernel.o
LOAD ./Src/list.o
LOAD ./Src/main.o
LOAD ./Src/mutex.o
LOAD ./Src/syscalls.o
LOAD ./Src/sysmem.o
LOAD ./Startup/startup_stm32f103rbtx.o
START GROUP
LOAD C:/ST/STM32CubeIDE_2.1.1/STM32CubeIDE/plugins/com.st.stm32cube.ide.mcu.externaltools.gnu-tools-for-stm32.14.3.rel1.win32_1.0.100.202602081740/tools/bin/../lib/gcc/arm-none-eabi/14.3.1/../../../../arm-none-eabi/lib/thumb/v7-m/nofp\libc_nano.a
LOAD C:/ST/STM32CubeIDE_2.1.1/STM32CubeIDE/plugins/com.st.stm32cube.ide.mcu.externaltools.gnu-tools-for-stm32.14.3.rel1.win32_1.0.100.202602081740/tools/bin/../lib/gcc/arm-none-eabi/14.3.1/../../../../arm-none-eabi/lib/thumb/v7-m/nofp\libm.a
END GROUP
START GROUP
LOAD C:/ST/STM32CubeIDE_2.1.1/STM32CubeIDE/plugins/com.st.stm32cube.ide.mcu.externaltools.gnu-tools-for-stm32.14.3.rel1.win32_1.0.100.202602081740/tools/bin/../lib/gcc/arm-none-eabi/14.3.1/thumb/v7-m/nofp\libgcc.a
LOAD C:/ST/STM32CubeIDE_2.1.1/STM32CubeIDE/plugins/com.st.stm32cube.ide.mcu.externaltools.gnu-tools-for-stm32.14.3.rel1.win32_1.0.100.202602081740/tools/bin/../lib/gcc/arm-none-eabi/14.3.1/../../../../arm-none-eabi/lib/thumb/v7-m/nofp\libc_nano.a
END GROUP
START GROUP
LOAD C:/ST/STM32CubeIDE_2.1.1/STM32CubeIDE/plugins/com.st.stm32cube.ide.mcu.externaltools.gnu-tools-for-stm32.14.3.rel1.win32_1.0.100.202602081740/tools/bin/../lib/gcc/arm-none-eabi/14.3.1/thumb/v7-m/nofp\libgcc.a
LOAD C:/ST/STM32CubeIDE_2.1.1/STM32CubeIDE/plugins/com.st.stm32cube.ide.mcu.externaltools.gnu-tools-for-stm32.14.3.rel1.win32_1.0.100.202602081740/tools/bin/../lib/gcc/arm-none-eabi/14.3.1/../../../../arm-none-eabi/lib/thumb/v7-m/nofp\libc_nano.a
LOAD C:/ST/STM32CubeIDE_2.1.1/STM32CubeIDE/plugins/com.st.stm32cube.ide.mcu.externaltools.gnu-tools-for-stm32.14.3.rel1.win32_1.0.100.202602081740/tools/bin/../lib/gcc/arm-none-eabi/14.3.1/../../../../arm-none-eabi/lib/thumb/v7-m/nofp\libnosys.a
END GROUP
START GROUP
LOAD C:/ST/STM32CubeIDE_2.1.1/STM32CubeIDE/plugins/com.st.stm32cube.ide.mcu.externaltools.gnu-tools-for-stm32.14.3.rel1.win32_1.0.100.202602081740/tools/bin/../lib/gcc/arm-none-eabi/14.3.1/thumb/v7-m/nofp\libgcc.a
LOAD C:/ST/STM32CubeIDE_2.1.1/STM32CubeIDE/plugins/com.st.stm32cube.ide.mcu.externaltools.gnu-tools-for-stm32.14.3.rel1.win32_1.0.100.202602081740/tools/bin/../lib/gcc/arm-none-eabi/14.3.1/../../../../arm-none-eabi/lib/thumb/v7-m/nofp\libc_nano.a
LOAD C:/ST/STM32CubeIDE_2.1.1/STM32CubeIDE/plugins/com.st.stm32cube.ide.mcu.externaltools.gnu-tools-for-stm32.14.3.rel1.win32_1.0.100.202602081740/tools/bin/../lib/gcc/arm-none-eabi/14.3.1/../../../../arm-none-eabi/lib/thumb/v7-m/nofp\libnosys.a
END GROUP
LOAD C:/ST/STM32CubeIDE_2.1.1/STM32CubeIDE/plugins/com.st.stm32cube.ide.mcu.externaltools.gnu-tools-for-stm32.14.3.rel1.win32_1.0.100.202602081740/tools/bin/../lib/gcc/arm-none-eabi/14.3.1/thumb/v7-m/nofp/crtend.o
LOAD C:/ST/STM32CubeIDE_2.1.1/STM32CubeIDE/plugins/com.st.stm32cube.ide.mcu.externaltools.gnu-tools-for-stm32.14.3.rel1.win32_1.0.100.202602081740/tools/bin/../lib/gcc/arm-none-eabi/14.3.1/thumb/v7-m/nofp/crtn.o
                0x20005000                        _estack = (ORIGIN (RAM) + LENGTH (RAM))
                0x00000200                        _Min_Heap_Size = 0x200
                0x00000400                        _Min_Stack_Size = 0x400

.isr_vector     0x08000000      0x130
                0x08000000                        . = ALIGN (0x4)
 *(.isr_vector)
 .isr_vector    0x08000000      0x130 ./Startup/startup_stm32f103rbtx.o
                0x08000000                g_pfnVectors
                0x08000130                        . = ALIGN (0x4)

.text           0x08000130     0x1198
                0x08000130                        . = ALIGN (0x4)
 *(.text)
 .text          0x08000130       0x40 C:/ST/STM32CubeIDE_2.1.1/STM32CubeIDE/plugins/com.st.stm32cube.ide.mcu.externaltools.gnu-tools-for-stm32.14.3.rel1.win32_1.0.100.202602081740/tools/bin/../lib/gcc/arm-none-eabi/14.3.1/thumb/v7-m/nofp/crtbegin.o
 *(.text*)
 .text.kernel_init
                0x08000170       0x5c ./Src/kernel.o
                0x08000170                kernel_init
 .text.task_exit_error
                0x080001cc        0x8 ./Src/kernel.o
 .text.kernel_request_preemption_if_needed
                0x080001d4       0x40 ./Src/kernel.o
 .text.kernel_create_task
                0x08000214      0x1e4 ./Src/kernel.o
                0x08000214                kernel_create_task
 .text.pick_highest_priority_ready_task
                0x080003f8       0x44 ./Src/kernel.o
 .text.scheduler_pick_next
                0x0800043c       0x64 ./Src/kernel.o
 .text.restore_context
                0x080004a0       0x30 ./Src/kernel.o
 .text.kernel_start
                0x080004d0       0x50 ./Src/kernel.o
                0x080004d0                kernel_start
 .text.kernel_tick
                0x08000520        0xc ./Src/kernel.o
                0x08000520                kernel_tick
 .text.kernel_get_current_task
                0x0800052c       0x14 ./Src/kernel.o
                0x0800052c                kernel_get_current_task
 .text.kernel_request_reschedule
                0x08000540       0x18 ./Src/kernel.o
                0x08000540                kernel_request_reschedule
 .text.kernel_wake_task
                0x08000558       0x38 ./Src/kernel.o
                0x08000558                kernel_wake_task
 .text.kernel_in_isr
                0x08000590       0x22 ./Src/kernel.o
                0x08000590                kernel_in_isr
 .text.kernel_enter_critical
                0x080005b2        0xe ./Src/kernel.o
                0x080005b2                kernel_enter_critical
 .text.kernel_exit_critical
                0x080005c0        0xe ./Src/kernel.o
                0x080005c0                kernel_exit_critical
 .text.SVC_Handler
                0x080005ce        0x6 ./Src/kernel.o
                0x080005ce                SVC_Handler
 .text.PendSV_Handler
                0x080005d4       0x1c ./Src/kernel.o
                0x080005d4                PendSV_Handler
 .text.list_init
                0x080005f0       0x1e ./Src/list.o
                0x080005f0                list_init
 .text.list_append
                0x0800060e       0x42 ./Src/list.o
                0x0800060e                list_append
 .text.list_pop_front
                0x08000650       0x44 ./Src/list.o
                0x08000650                list_pop_front
 .text.list_remove
                0x08000694       0xa8 ./Src/list.o
                0x08000694                list_remove
 .text.SystemInit
                0x0800073c        0xc ./Src/main.o
                0x0800073c                SystemInit
 .text.SysTick_Handler
                0x08000748       0x28 ./Src/main.o
                0x08000748                SysTick_Handler
 .text.EXTI15_10_IRQHandler
                0x08000770       0x30 ./Src/main.o
                0x08000770                EXTI15_10_IRQHandler
 .text.USART2_IRQHandler
                0x080007a0       0x30 ./Src/main.o
                0x080007a0                USART2_IRQHandler
 .text.get_tick
                0x080007d0       0x14 ./Src/main.o
                0x080007d0                get_tick
 .text.pll_init
                0x080007e4       0xe0 ./Src/main.o
                0x080007e4                pll_init
 .text.systick_init
                0x080008c4       0x30 ./Src/main.o
                0x080008c4                systick_init
 .text.gpio_init
                0x080008f4       0x7c ./Src/main.o
                0x080008f4                gpio_init
 .text.exti_init
                0x08000970       0x58 ./Src/main.o
                0x08000970                exti_init
 .text.usart2_init
                0x080009c8       0xcc ./Src/main.o
                0x080009c8                usart2_init
 .text.usart2_transmit
                0x08000a94       0x30 ./Src/main.o
                0x08000a94                usart2_transmit
 .text.usart2_send_string
                0x08000ac4       0x2a ./Src/main.o
                0x08000ac4                usart2_send_string
 *fill*         0x08000aee        0x2 
 .text.usart2_send_number
                0x08000af0       0x80 ./Src/main.o
                0x08000af0                usart2_send_number
 .text.usart2_send_signed
                0x08000b70       0x2a ./Src/main.o
                0x08000b70                usart2_send_signed
 *fill*         0x08000b9a        0x2 
 .text.adc_config
                0x08000b9c       0xcc ./Src/main.o
                0x08000b9c                adc_config
 .text.adc_init
                0x08000c68       0x5c ./Src/main.o
                0x08000c68                adc_init
 .text.adc_read
                0x08000cc4       0x38 ./Src/main.o
                0x08000cc4                adc_read
 .text.temperature_calc
                0x08000cfc       0x70 ./Src/main.o
                0x08000cfc                temperature_calc
 .text.ledTask  0x08000d6c      0x1bc ./Src/main.o
                0x08000d6c                ledTask
 .text.tempTask
                0x08000f28       0xa0 ./Src/main.o
                0x08000f28                tempTask
 .text.commsTask
                0x08000fc8       0x58 ./Src/main.o
                0x08000fc8                commsTask
 .text.main     0x08001020       0x74 ./Src/main.o
                0x08001020                main
 .text.mutex_init
                0x08001094       0x26 ./Src/mutex.o
                0x08001094                mutex_init
 .text.mutex_pick_highest_priority_waiter
                0x080010ba       0x5a ./Src/mutex.o
 .text.mutex_lock
                0x08001114       0x86 ./Src/mutex.o
                0x08001114                mutex_lock
 .text.mutex_unlock
                0x0800119a       0x78 ./Src/mutex.o
                0x0800119a                mutex_unlock
 *fill*         0x08001212        0x2 
 .text.Reset_Handler
                0x08001214       0x50 ./Startup/startup_stm32f103rbtx.o
                0x08001214                Reset_Handler
 .text.Default_Handler
                0x08001264        0x2 ./Startup/startup_stm32f103rbtx.o
                0x08001264                EXTI2_IRQHandler
                0x08001264                TIM8_TRG_COM_IRQHandler
                0x08001264                TIM8_CC_IRQHandler
                0x08001264                DebugMon_Handler
                0x08001264                TIM1_CC_IRQHandler
                0x08001264                HardFault_Handler
                0x08001264                TIM6_IRQHandler
                0x08001264                PVD_IRQHandler
                0x08001264                SDIO_IRQHandler
                0x08001264                NMI_Handler
                0x08001264                EXTI3_IRQHandler
                0x08001264                USB_HP_CAN_TX_IRQHandler
                0x08001264                EXTI0_IRQHandler
                0x08001264                I2C2_EV_IRQHandler
                0x08001264                UsageFault_Handler
                0x08001264                ADC1_2_IRQHandler
                0x08001264                SPI1_IRQHandler
                0x08001264                CAN_SCE_IRQHandler
                0x08001264                TAMPER_IRQHandler
                0x08001264                TIM8_UP_IRQHandler
                0x08001264                DMA2_Channel2_IRQHandler
                0x08001264                DMA1_Channel4_IRQHandler
                0x08001264                USART3_IRQHandler
                0x08001264                RTC_IRQHandler
                0x08001264                DMA1_Channel7_IRQHandler
                0x08001264                UART5_IRQHandler
                0x08001264                ADC3_IRQHandler
                0x08001264                TIM4_IRQHandler
                0x08001264                CAN_RX1_IRQHandler
                0x08001264                DMA2_Channel1_IRQHandler
                0x08001264                I2C1_EV_IRQHandler
                0x08001264                DMA1_Channel6_IRQHandler
                0x08001264                UART4_IRQHandler
                0x08001264                TIM3_IRQHandler
                0x08001264                RCC_IRQHandler
                0x08001264                TIM1_TRG_COM_IRQHandler
                0x08001264                DMA1_Channel1_IRQHandler
                0x08001264                Default_Handler
                0x08001264                TIM7_IRQHandler
                0x08001264                TIM5_IRQHandler
                0x08001264                EXTI9_5_IRQHandler
                0x08001264                SPI2_IRQHandler
                0x08001264                USB_LP_CAN_RX0_IRQHandler
                0x08001264                MemManage_Handler
                0x08001264                DMA1_Channel5_IRQHandler
                0x08001264                EXTI4_IRQHandler
                0x08001264                DMA1_Channel3_IRQHandler
                0x08001264                FSMC_IRQHandler
                0x08001264                TIM1_UP_IRQHandler
                0x08001264                WWDG_IRQHandler
                0x08001264                TIM2_IRQHandler
                0x08001264                TIM1_BRK_IRQHandler
                0x08001264                EXTI1_IRQHandler
                0x08001264                RTCAlarm_IRQHandler
                0x08001264                DMA2_Channel4_5_IRQHandler
                0x08001264                I2C2_ER_IRQHandler
                0x08001264                DMA1_Channel2_IRQHandler
                0x08001264                TIM8_BRK_IRQHandler
                0x08001264                FLASH_IRQHandler
                0x08001264                BusFault_Handler
                0x08001264                USART1_IRQHandler
                0x08001264                SPI3_IRQHandler
                0x08001264                I2C1_ER_IRQHandler
                0x08001264                DMA2_Channel3_IRQHandler
 *fill*         0x08001266        0x2 
 .text.__libc_init_array
                0x08001268       0x48 C:/ST/STM32CubeIDE_2.1.1/STM32CubeIDE/plugins/com.st.stm32cube.ide.mcu.externaltools.gnu-tools-for-stm32.14.3.rel1.win32_1.0.100.202602081740/tools/bin/../lib/gcc/arm-none-eabi/14.3.1/../../../../arm-none-eabi/lib/thumb/v7-m/nofp\libc_nano.a(libc_a-init.o)
                0x08001268                __libc_init_array
 *(.glue_7)
 .glue_7        0x080012b0        0x0 linker stubs
 *(.glue_7t)
 .glue_7t       0x080012b0        0x0 linker stubs
 *(.eh_frame)
 .eh_frame      0x080012b0        0x0 C:/ST/STM32CubeIDE_2.1.1/STM32CubeIDE/plugins/com.st.stm32cube.ide.mcu.externaltools.gnu-tools-for-stm32.14.3.rel1.win32_1.0.100.202602081740/tools/bin/../lib/gcc/arm-none-eabi/14.3.1/thumb/v7-m/nofp/crtbegin.o
 *(.init)
 .init          0x080012b0        0x4 C:/ST/STM32CubeIDE_2.1.1/STM32CubeIDE/plugins/com.st.stm32cube.ide.mcu.externaltools.gnu-tools-for-stm32.14.3.rel1.win32_1.0.100.202602081740/tools/bin/../lib/gcc/arm-none-eabi/14.3.1/thumb/v7-m/nofp/crti.o
                0x080012b0                _init
 .init          0x080012b4        0x8 C:/ST/STM32CubeIDE_2.1.1/STM32CubeIDE/plugins/com.st.stm32cube.ide.mcu.externaltools.gnu-tools-for-stm32.14.3.rel1.win32_1.0.100.202602081740/tools/bin/../lib/gcc/arm-none-eabi/14.3.1/thumb/v7-m/nofp/crtn.o
 *(.fini)
 .fini          0x080012bc        0x4 C:/ST/STM32CubeIDE_2.1.1/STM32CubeIDE/plugins/com.st.stm32cube.ide.mcu.externaltools.gnu-tools-for-stm32.14.3.rel1.win32_1.0.100.202602081740/tools/bin/../lib/gcc/arm-none-eabi/14.3.1/thumb/v7-m/nofp/crti.o
                0x080012bc                _fini
 .fini          0x080012c0        0x8 C:/ST/STM32CubeIDE_2.1.1/STM32CubeIDE/plugins/com.st.stm32cube.ide.mcu.externaltools.gnu-tools-for-stm32.14.3.rel1.win32_1.0.100.202602081740/tools/bin/../lib/gcc/arm-none-eabi/14.3.1/thumb/v7-m/nofp/crtn.o
                0x080012c8                        . = ALIGN (0x4)
                0x080012c8                        _etext = .

.vfp11_veneer   0x080012c8        0x0
 .vfp11_veneer  0x080012c8        0x0 linker stubs

.v4_bx          0x080012c8        0x0
 .v4_bx         0x080012c8        0x0 linker stubs

.iplt           0x080012c8        0x0
 .iplt          0x080012c8        0x0 C:/ST/STM32CubeIDE_2.1.1/STM32CubeIDE/plugins/com.st.stm32cube.ide.mcu.externaltools.gnu-tools-for-stm32.14.3.rel1.win32_1.0.100.202602081740/tools/bin/../lib/gcc/arm-none-eabi/14.3.1/thumb/v7-m/nofp/crtbegin.o

.rodata         0x080012c8       0x68
                0x080012c8                        . = ALIGN (0x4)
 *(.rodata)
 .rodata        0x080012c8       0x65 ./Src/main.o
 *(.rodata*)
                0x08001330                        . = ALIGN (0x4)
 *fill*         0x0800132d        0x3 

.ARM.extab      0x08001330        0x0
                0x08001330                        . = ALIGN (0x4)
 *(.ARM.extab* .gnu.linkonce.armextab.*)
                0x08001330                        . = ALIGN (0x4)

.ARM            0x08001330        0x0
                0x08001330                        . = ALIGN (0x4)
                0x08001330                        __exidx_start = .
 *(.ARM.exidx*)
                0x08001330                        __exidx_end = .
                0x08001330                        . = ALIGN (0x4)

.preinit_array  0x08001330        0x0
                0x08001330                        . = ALIGN (0x4)
                0x08001330                        PROVIDE (__preinit_array_start = .)
 *(.preinit_array*)
                0x08001330                        PROVIDE (__preinit_array_end = .)
                0x08001330                        . = ALIGN (0x4)

.init_array     0x08001330        0x4
                0x08001330                        . = ALIGN (0x4)
                0x08001330                        PROVIDE (__init_array_start = .)
 *(SORT_BY_NAME(.init_array.*))
 *(.init_array*)
 .init_array    0x08001330        0x4 C:/ST/STM32CubeIDE_2.1.1/STM32CubeIDE/plugins/com.st.stm32cube.ide.mcu.externaltools.gnu-tools-for-stm32.14.3.rel1.win32_1.0.100.202602081740/tools/bin/../lib/gcc/arm-none-eabi/14.3.1/thumb/v7-m/nofp/crtbegin.o
                0x08001334                        PROVIDE (__init_array_end = .)
                0x08001334                        . = ALIGN (0x4)

.fini_array     0x08001334        0x4
                0x08001334                        . = ALIGN (0x4)
                [!provide]                        PROVIDE (__fini_array_start = .)
 *(SORT_BY_NAME(.fini_array.*))
 *(.fini_array*)
 .fini_array    0x08001334        0x4 C:/ST/STM32CubeIDE_2.1.1/STM32CubeIDE/plugins/com.st.stm32cube.ide.mcu.externaltools.gnu-tools-for-stm32.14.3.rel1.win32_1.0.100.202602081740/tools/bin/../lib/gcc/arm-none-eabi/14.3.1/thumb/v7-m/nofp/crtbegin.o
                [!provide]                        PROVIDE (__fini_array_end = .)
                0x08001338                        . = ALIGN (0x4)
                0x08001338                        _sidata = LOADADDR (.data)

.rel.dyn        0x08001338        0x0
 .rel.iplt      0x08001338        0x0 C:/ST/STM32CubeIDE_2.1.1/STM32CubeIDE/plugins/com.st.stm32cube.ide.mcu.externaltools.gnu-tools-for-stm32.14.3.rel1.win32_1.0.100.202602081740/tools/bin/../lib/gcc/arm-none-eabi/14.3.1/thumb/v7-m/nofp/crtbegin.o

.data           0x20000000        0x4 load address 0x08001338
                0x20000000                        . = ALIGN (0x4)
                0x20000000                        _sdata = .
 *(.data)
 *(.data*)
 .data.current_state.3
                0x20000000        0x1 ./Src/main.o
 *(.RamFunc)
 *(.RamFunc*)
                0x20000004                        . = ALIGN (0x4)
 *fill*         0x20000001        0x3 
                0x20000004                        _edata = .

.igot.plt       0x20000004        0x0 load address 0x0800133c
 .igot.plt      0x20000004        0x0 C:/ST/STM32CubeIDE_2.1.1/STM32CubeIDE/plugins/com.st.stm32cube.ide.mcu.externaltools.gnu-tools-for-stm32.14.3.rel1.win32_1.0.100.202602081740/tools/bin/../lib/gcc/arm-none-eabi/14.3.1/thumb/v7-m/nofp/crtbegin.o
                0x20000004                        . = ALIGN (0x4)

.bss            0x20000008     0x1184 load address 0x0800133c
                0x20000008                        _sbss = .
                0x20000008                        __bss_start__ = _sbss
 *(.bss)
 .bss           0x20000008       0x1c C:/ST/STM32CubeIDE_2.1.1/STM32CubeIDE/plugins/com.st.stm32cube.ide.mcu.externaltools.gnu-tools-for-stm32.14.3.rel1.win32_1.0.100.202602081740/tools/bin/../lib/gcc/arm-none-eabi/14.3.1/thumb/v7-m/nofp/crtbegin.o
 *(.bss*)
 .bss.kernel_running
                0x20000024        0x1 ./Src/kernel.o
                0x20000024                kernel_running
 *fill*         0x20000025        0x3 
 .bss.taskList  0x20000028     0x1100 ./Src/kernel.o
 .bss.taskCount
                0x20001128        0x1 ./Src/kernel.o
 *fill*         0x20001129        0x3 
 .bss.readyList
                0x2000112c       0x28 ./Src/kernel.o
 .bss.blockedList
                0x20001154        0x8 ./Src/kernel.o
 .bss.currentTask
                0x2000115c        0x4 ./Src/kernel.o
 .bss.tick_count
                0x20001160        0x4 ./Src/main.o
                0x20001160                tick_count
 .bss.btn_event
                0x20001164        0x1 ./Src/main.o
                0x20001164                btn_event
 .bss.rec_data  0x20001165        0x1 ./Src/main.o
                0x20001165                rec_data
 *fill*         0x20001166        0x2 
 .bss.uartMutex
                0x20001168       0x10 ./Src/main.o
 .bss.debounce_state.5
                0x20001178        0x1 ./Src/main.o
 *fill*         0x20001179        0x3 
 .bss.debounce_start.4
                0x2000117c        0x4 ./Src/main.o
 .bss.blink_timer.2
                0x20001180        0x4 ./Src/main.o
 .bss.blink_phase.1
                0x20001184        0x1 ./Src/main.o
 *fill*         0x20001185        0x3 
 .bss.temp_timer.0
                0x20001188        0x4 ./Src/main.o
 *(COMMON)
                0x2000118c                        . = ALIGN (0x4)
                0x2000118c                        _ebss = .
                0x2000118c                        __bss_end__ = _ebss

._user_heap_stack
                0x2000118c      0x604 load address 0x0800133c
                0x20001190                        . = ALIGN (0x8)
 *fill*         0x2000118c        0x4 
                [!provide]                        PROVIDE (end = .)
                0x20001190                        PROVIDE (_end = .)
                0x20001390                        . = (. + _Min_Heap_Size)
 *fill*         0x20001190      0x200 
                0x20001790                        . = (. + _Min_Stack_Size)
 *fill*         0x20001390      0x400 
                0x20001790                        . = ALIGN (0x8)

/DISCARD/
 libc.a(*)
 libm.a(*)
 libgcc.a(*)

.ARM.attributes
                0x00000000       0x29
 *(.ARM.attributes)
 .ARM.attributes
                0x00000000       0x1d C:/ST/STM32CubeIDE_2.1.1/STM32CubeIDE/plugins/com.st.stm32cube.ide.mcu.externaltools.gnu-tools-for-stm32.14.3.rel1.win32_1.0.100.202602081740/tools/bin/../lib/gcc/arm-none-eabi/14.3.1/thumb/v7-m/nofp/crti.o
 .ARM.attributes
                0x0000001d       0x2d C:/ST/STM32CubeIDE_2.1.1/STM32CubeIDE/plugins/com.st.stm32cube.ide.mcu.externaltools.gnu-tools-for-stm32.14.3.rel1.win32_1.0.100.202602081740/tools/bin/../lib/gcc/arm-none-eabi/14.3.1/thumb/v7-m/nofp/crtbegin.o
 .ARM.attributes
                0x0000004a       0x2d ./Src/kernel.o
 .ARM.attributes
                0x00000077       0x2d ./Src/list.o
 .ARM.attributes
                0x000000a4       0x2d ./Src/main.o
 .ARM.attributes
                0x000000d1       0x2d ./Src/mutex.o
 .ARM.attributes
                0x000000fe       0x21 ./Startup/startup_stm32f103rbtx.o
 .ARM.attributes
                0x0000011f       0x2d C:/ST/STM32CubeIDE_2.1.1/STM32CubeIDE/plugins/com.st.stm32cube.ide.mcu.externaltools.gnu-tools-for-stm32.14.3.rel1.win32_1.0.100.202602081740/tools/bin/../lib/gcc/arm-none-eabi/14.3.1/../../../../arm-none-eabi/lib/thumb/v7-m/nofp\libc_nano.a(libc_a-init.o)
 .ARM.attributes
                0x0000014c       0x1d C:/ST/STM32CubeIDE_2.1.1/STM32CubeIDE/plugins/com.st.stm32cube.ide.mcu.externaltools.gnu-tools-for-stm32.14.3.rel1.win32_1.0.100.202602081740/tools/bin/../lib/gcc/arm-none-eabi/14.3.1/thumb/v7-m/nofp/crtn.o
OUTPUT(Kernull_Chpt28.elf elf32-littlearm)
LOAD linker stubs
LOAD C:/ST/STM32CubeIDE_2.1.1/STM32CubeIDE/plugins/com.st.stm32cube.ide.mcu.externaltools.gnu-tools-for-stm32.14.3.rel1.win32_1.0.100.202602081740/tools/bin/../lib/gcc/arm-none-eabi/14.3.1/../../../../arm-none-eabi/lib/thumb/v7-m/nofp\libc.a
LOAD C:/ST/STM32CubeIDE_2.1.1/STM32CubeIDE/plugins/com.st.stm32cube.ide.mcu.externaltools.gnu-tools-for-stm32.14.3.rel1.win32_1.0.100.202602081740/tools/bin/../lib/gcc/arm-none-eabi/14.3.1/../../../../arm-none-eabi/lib/thumb/v7-m/nofp\libm.a
LOAD C:/ST/STM32CubeIDE_2.1.1/STM32CubeIDE/plugins/com.st.stm32cube.ide.mcu.externaltools.gnu-tools-for-stm32.14.3.rel1.win32_1.0.100.202602081740/tools/bin/../lib/gcc/arm-none-eabi/14.3.1/thumb/v7-m/nofp\libgcc.a

.debug_info     0x00000000     0x10c6
 .debug_info    0x00000000      0x46f ./Src/kernel.o
 .debug_info    0x0000046f      0x273 ./Src/list.o
 .debug_info    0x000006e2      0x658 ./Src/main.o
 .debug_info    0x00000d3a      0x35c ./Src/mutex.o
 .debug_info    0x00001096       0x30 ./Startup/startup_stm32f103rbtx.o

.debug_abbrev   0x00000000      0x9c4
 .debug_abbrev  0x00000000      0x303 ./Src/kernel.o
 .debug_abbrev  0x00000303      0x178 ./Src/list.o
 .debug_abbrev  0x0000047b      0x30f ./Src/main.o
 .debug_abbrev  0x0000078a      0x216 ./Src/mutex.o
 .debug_abbrev  0x000009a0       0x24 ./Startup/startup_stm32f103rbtx.o

.debug_aranges  0x00000000      0x200
 .debug_aranges
                0x00000000       0xa0 ./Src/kernel.o
 .debug_aranges
                0x000000a0       0x38 ./Src/list.o
 .debug_aranges
                0x000000d8       0xc8 ./Src/main.o
 .debug_aranges
                0x000001a0       0x38 ./Src/mutex.o
 .debug_aranges
                0x000001d8       0x28 ./Startup/startup_stm32f103rbtx.o

.debug_rnglists
                0x00000000      0x170
 .debug_rnglists
                0x00000000       0x74 ./Src/kernel.o
 .debug_rnglists
                0x00000074       0x26 ./Src/list.o
 .debug_rnglists
                0x0000009a       0x97 ./Src/main.o
 .debug_rnglists
                0x00000131       0x26 ./Src/mutex.o
 .debug_rnglists
                0x00000157       0x19 ./Startup/startup_stm32f103rbtx.o

.debug_macro    0x00000000     0x12a8
 .debug_macro   0x00000000       0x98 ./Src/kernel.o
 .debug_macro   0x00000098      0xad2 ./Src/kernel.o
 .debug_macro   0x00000b6a       0x22 ./Src/kernel.o
 .debug_macro   0x00000b8c       0x8e ./Src/kernel.o
 .debug_macro   0x00000c1a       0x51 ./Src/kernel.o
 .debug_macro   0x00000c6b      0x103 ./Src/kernel.o
 .debug_macro   0x00000d6e       0x6a ./Src/kernel.o
 .debug_macro   0x00000dd8      0x1df ./Src/kernel.o
 .debug_macro   0x00000fb7       0x22 ./Src/kernel.o
 .debug_macro   0x00000fd9       0x7c ./Src/list.o
 .debug_macro   0x00001055       0x1c ./Src/list.o
 .debug_macro   0x00001071      0x187 ./Src/main.o
 .debug_macro   0x000011f8       0x22 ./Src/main.o
 .debug_macro   0x0000121a       0x8e ./Src/mutex.o

.debug_line     0x00000000     0x1bf0
 .debug_line    0x00000000      0x6e7 ./Src/kernel.o
 .debug_line    0x000006e7      0x501 ./Src/list.o
 .debug_line    0x00000be8      0xa52 ./Src/main.o
 .debug_line    0x0000163a      0x53b ./Src/mutex.o
 .debug_line    0x00001b75       0x7b ./Startup/startup_stm32f103rbtx.o

.debug_str      0x00000000     0x49f2
 .debug_str     0x00000000     0x49f2 ./Src/kernel.o
                               0x40d7 (size before relaxing)
 .debug_str     0x000049f2     0x3e71 ./Src/list.o
 .debug_str     0x000049f2     0x486a ./Src/main.o
 .debug_str     0x000049f2     0x3fad ./Src/mutex.o
 .debug_str     0x000049f2       0x79 ./Startup/startup_stm32f103rbtx.o

.comment        0x00000000       0x43
 .comment       0x00000000       0x43 ./Src/kernel.o
                                 0x44 (size before relaxing)
 .comment       0x00000043       0x44 ./Src/list.o
 .comment       0x00000043       0x44 ./Src/main.o
 .comment       0x00000043       0x44 ./Src/mutex.o

.debug_frame    0x00000000      0x614
 .debug_frame   0x00000000      0x1f4 ./Src/kernel.o
 .debug_frame   0x000001f4       0xa0 ./Src/list.o
 .debug_frame   0x00000294      0x2b4 ./Src/main.o
 .debug_frame   0x00000548       0xa0 ./Src/mutex.o
 .debug_frame   0x000005e8       0x2c C:/ST/STM32CubeIDE_2.1.1/STM32CubeIDE/plugins/com.st.stm32cube.ide.mcu.externaltools.gnu-tools-for-stm32.14.3.rel1.win32_1.0.100.202602081740/tools/bin/../lib/gcc/arm-none-eabi/14.3.1/../../../../arm-none-eabi/lib/thumb/v7-m/nofp\libc_nano.a(libc_a-init.o)

.debug_line_str
                0x00000000       0x5d
 .debug_line_str
                0x00000000       0x5d ./Startup/startup_stm32f103rbtx.o
